2026.09.28 23:02:07 INFO  Started: Metals version 1.6.9 in folders 'C:\Users\aagii\OneDrive\Documents\web-development-lab' for client Visual Studio Code 1.139.0.
2026.09.28 23:02:07 INFO  Memory monitor started
2026.09.28 23:02:09 WARN  Using H2 2.5.250 which is newer than the version Flyway has been verified with. The latest verified version of H2 is 2.3.232.
2026.09.28 23:02:10 INFO  no build target found for C:\Users\aagii\OneDrive\Documents\web-development-lab\MyArrayLinearList.java. Using fallback presentation compiler.
Sep 28, 2026 11:02:11 PM org.eclipse.lsp4j.jsonrpc.RemoteEndpoint handleCancellation
WARNING: Unmatched cancel notification for request id 2
Sep 28, 2026 11:02:11 PM org.eclipse.lsp4j.jsonrpc.RemoteEndpoint handleCancellation
WARNING: Unmatched cancel notification for request id 5
Sep 28, 2026 11:02:11 PM org.eclipse.lsp4j.jsonrpc.RemoteEndpoint handleCancellation
WARNING: Unmatched cancel notification for request id 1
2026.09.28 23:02:11 INFO  no build target found for C:\Users\aagii\OneDrive\Documents\web-development-lab\MyArrayLinearList.java. Using fallback presentation compiler.
2026.09.28 23:02:11 WARN  no build tool detected in workspace 'C:\Users\aagii\OneDrive\Documents\web-development-lab'. The most common cause for this problem is that the editor was opened in the wrong working directory, for example if you use sbt then the workspace directory should contain build.sbt. 
2026.09.28 23:02:11 WARN  Build server is not auto-connectable.
2026.09.28 23:02:11 WARN  no build target for: C:\Users\aagii\OneDrive\Documents\web-development-lab\MyArrayLinearList.java
2026.09.28 23:02:20 INFO  no build target found for C:\Users\aagii\OneDrive\Documents\web-development-lab\MyArrayLinearList.java. Using fallback presentation compiler.
2026.09.28 23:02:20 WARN  no build target for: C:\Users\aagii\OneDrive\Documents\web-development-lab\MyArrayLinearList.java
2026.09.28 23:02:20 INFO  no build target found for C:\Users\aagii\OneDrive\Documents\web-development-lab\MyArrayLinearList.java. Using fallback presentation compiler.
2026.09.28 23:02:20 INFO  no build target found for C:\Users\aagii\OneDrive\Documents\web-development-lab\MyArrayLinearList.java. Using fallback presentation compiler.
2026.09.28 23:02:20 INFO  no build target found for C:\Users\aagii\OneDrive\Documents\web-development-lab\MyArrayLinearList.java. Using fallback presentation compiler.
2026.09.28 23:02:27 INFO  no build target found for C:\Users\aagii\OneDrive\Documents\web-development-lab\MyArrayLinearList.java. Using fallback presentation compiler.
2026.09.28 23:02:34 INFO  no build target found for C:\Users\aagii\OneDrive\Documents\web-development-lab\MyArrayLinearList.java. Using fallback presentation compiler.
2026.09.28 23:02:36 INFO  no build target found for C:\Users\aagii\OneDrive\Documents\web-development-lab\MyArrayLinearList.java. Using fallback presentation compiler.
2026.09.28 23:02:38 INFO  no build target found for C:\Users\aagii\OneDrive\Documents\web-development-lab\MyArrayLinearList.java. Using fallback presentation compiler.
2026.09.28 23:02:39 WARN  no build target for: C:\Users\aagii\OneDrive\Documents\web-development-lab\Main.java
2026.09.28 23:02:39 WARN  Running javac-semanticdb failed for file:///C:/Users/aagii/OneDrive/Documents/web-development-lab/Main.java. Output:

2026.09.28 23:02:39 INFO  no build target found for C:\Users\aagii\OneDrive\Documents\web-development-lab\Main.java. Using fallback presentation compiler.
2026.09.28 23:02:40 INFO  no build target found for C:\Users\aagii\OneDrive\Documents\web-development-lab\Main.java. Using fallback presentation compiler.
2026.09.28 23:02:40 INFO  no build target found for C:\Users\aagii\OneDrive\Documents\web-development-lab\Main.java. Using fallback presentation compiler.
2026.09.28 23:02:40 INFO  no build target found for C:\Users\aagii\OneDrive\Documents\web-development-lab\Main.java. Using fallback presentation compiler.
2026.09.28 23:02:42 INFO  no build target found for C:\Users\aagii\OneDrive\Documents\web-development-lab\Main.java. Using fallback presentation compiler.
2026.09.28 23:02:49 INFO  no build target found for C:\Users\aagii\OneDrive\Documents\web-development-lab\Main.java. Using fallback presentation compiler.
2026.09.28 23:02:51 INFO  no build target found for C:\Users\aagii\OneDrive\Documents\web-development-lab\Main.java. Using fallback presentation compiler.
2026.09.28 23:02:51 INFO  no build target found for C:\Users\aagii\OneDrive\Documents\web-development-lab\Main.java. Using fallback presentation compiler.
2026.09.28 23:02:52 INFO  no build target found for C:\Users\aagii\OneDrive\Documents\web-development-lab\Main.java. Using fallback presentation compiler.
2026.09.28 23:02:52 INFO  no build target found for C:\Users\aagii\OneDrive\Documents\web-development-lab\Main.java. Using fallback presentation compiler.
2026.09.28 23:02:54 INFO  no build target found for C:\Users\aagii\OneDrive\Documents\web-development-lab\Main.java. Using fallback presentation compiler.
2026.09.28 23:02:54 INFO  no build target found for C:\Users\aagii\OneDrive\Documents\web-development-lab\Main.java. Using fallback presentation compiler.
Sep 28, 2026 11:02:54 PM org.eclipse.lsp4j.jsonrpc.RemoteEndpoint handleCancellation
WARNING: Unmatched cancel notification for request id 43
2026.09.28 23:02:54 INFO  no build target found for C:\Users\aagii\OneDrive\Documents\web-development-lab\Main.java. Using fallback presentation compiler.
2026.09.28 23:02:54 INFO  no build target found for C:\Users\aagii\OneDrive\Documents\web-development-lab\Main.java. Using fallback presentation compiler.
2026.09.28 23:02:55 INFO  no build target found for C:\Users\aagii\OneDrive\Documents\web-development-lab\Main.java. Using fallback presentation compiler.
2026.09.28 23:02:57 WARN  no build target for: C:\Users\aagii\OneDrive\Documents\web-development-lab\Main.java
2026.09.28 23:02:57 INFO  no build target found for C:\Users\aagii\OneDrive\Documents\web-development-lab\Main.java. Using fallback presentation compiler.
2026.09.28 23:02:59 INFO  no build target found for C:\Users\aagii\OneDrive\Documents\web-development-lab\MyArrayLinearList.java. Using fallback presentation compiler.
2026.09.28 23:02:59 WARN  no build target for: C:\Users\aagii\OneDrive\Documents\web-development-lab\MyArrayLinearList.java
Sep 28, 2026 11:02:59 PM org.eclipse.lsp4j.jsonrpc.RemoteEndpoint handleCancellation
WARNING: Unmatched cancel notification for request id 54
2026.09.28 23:02:59 INFO  no build target found for C:\Users\aagii\OneDrive\Documents\web-development-lab\MyArrayLinearList.java. Using fallback presentation compiler.
Sep 28, 2026 11:02:59 PM org.eclipse.lsp4j.jsonrpc.RemoteEndpoint handleCancellation
WARNING: Unmatched cancel notification for request id 55
2026.09.28 23:02:59 INFO  no build target found for C:\Users\aagii\OneDrive\Documents\web-development-lab\MyArrayLinearList.java. Using fallback presentation compiler.
2026.09.28 23:02:59 INFO  no build target found for C:\Users\aagii\OneDrive\Documents\web-development-lab\MyArrayLinearList.java. Using fallback presentation compiler.
2026.09.28 23:02:59 INFO  no build target found for C:\Users\aagii\OneDrive\Documents\web-development-lab\MyArrayLinearList.java. Using fallback presentation compiler.
2026.09.28 23:03:00 INFO  no build target found for C:\Users\aagii\OneDrive\Documents\web-development-lab\MyArrayLinearList.java. Using fallback presentation compiler.
2026.09.28 23:03:00 INFO  no build target found for C:\Users\aagii\OneDrive\Documents\web-development-lab\MyArrayLinearList.java. Using fallback presentation compiler.
2026.09.28 23:03:01 INFO  no build target found for C:\Users\aagii\OneDrive\Documents\web-development-lab\MyArrayLinearList.java. Using fallback presentation compiler.
2026.09.28 23:03:12 INFO  no build target found for C:\Users\aagii\OneDrive\Documents\web-development-lab\MyArrayLinearList.java. Using fallback presentation compiler.
2026.09.28 23:03:12 INFO  no build target found for C:\Users\aagii\OneDrive\Documents\web-development-lab\MyArrayLinearList.java. Using fallback presentation compiler.
2026.09.28 23:03:48 INFO  no build target found for C:\Users\aagii\OneDrive\Documents\web-development-lab\MyArrayLinearList.java. Using fallback presentation compiler.
2026.09.28 23:03:48 INFO  no build target found for C:\Users\aagii\OneDrive\Documents\web-development-lab\MyArrayLinearList.java. Using fallback presentation compiler.
2026.09.28 23:04:48 INFO  no build target found for C:\Users\aagii\OneDrive\Documents\web-development-lab\MyArrayLinearList.java. Using fallback presentation compiler.
2026.09.28 23:04:48 INFO  no build target found for C:\Users\aagii\OneDrive\Documents\web-development-lab\Main.java. Using fallback presentation compiler.
2026.09.28 23:04:48 WARN  no build target for: C:\Users\aagii\OneDrive\Documents\web-development-lab\Main.java
2026.09.28 23:04:48 INFO  no build target found for C:\Users\aagii\OneDrive\Documents\web-development-lab\Main.java. Using fallback presentation compiler.
2026.09.28 23:04:48 INFO  no build target found for C:\Users\aagii\OneDrive\Documents\web-development-lab\Main.java. Using fallback presentation compiler.
2026.09.28 23:04:48 INFO  no build target found for C:\Users\aagii\OneDrive\Documents\web-development-lab\Main.java. Using fallback presentation compiler.
2026.09.28 23:04:51 INFO  no build target found for C:\Users\aagii\OneDrive\Documents\web-development-lab\Main.java. Using fallback presentation compiler.
2026.09.28 23:04:51 WARN  no build target for: C:\Users\aagii\OneDrive\Documents\web-development-lab\Main.java
2026.09.28 23:04:51 INFO  no build target found for C:\Users\aagii\OneDrive\Documents\web-development-lab\Main.java. Using fallback presentation compiler.
2026.09.28 23:04:51 INFO  no build target found for C:\Users\aagii\OneDrive\Documents\web-development-lab\Main.java. Using fallback presentation compiler.
2026.09.28 23:04:51 INFO  no build target found for C:\Users\aagii\OneDrive\Documents\web-development-lab\Main.java. Using fallback presentation compiler.
2026.09.28 23:04:53 WARN  no build target for: C:\Users\aagii\OneDrive\Documents\web-development-lab\MyArrayLinearList.java
2026.09.28 23:04:53 INFO  no build target found for C:\Users\aagii\OneDrive\Documents\web-development-lab\MyArrayLinearList.java. Using fallback presentation compiler.
2026.09.28 23:04:53 INFO  no build target found for C:\Users\aagii\OneDrive\Documents\web-development-lab\MyArrayLinearList.java. Using fallback presentation compiler.
2026.09.28 23:04:53 INFO  no build target found for C:\Users\aagii\OneDrive\Documents\web-development-lab\MyArrayLinearList.java. Using fallback presentation compiler.
2026.09.28 23:04:53 INFO  no build target found for C:\Users\aagii\OneDrive\Documents\web-development-lab\MyArrayLinearList.java. Using fallback presentation compiler.
2026.09.28 23:04:53 INFO  no build target found for C:\Users\aagii\OneDrive\Documents\web-development-lab\MyArrayLinearList.java. Using fallback presentation compiler.
2026.09.28 23:04:53 INFO  no build target found for C:\Users\aagii\OneDrive\Documents\web-development-lab\MyArrayLinearList.java. Using fallback presentation compiler.
2026.09.28 23:04:54 INFO  no build target found for C:\Users\aagii\OneDrive\Documents\web-development-lab\MyArrayLinearList.java. Using fallback presentation compiler.
2026.09.28 23:04:54 INFO  no build target found for C:\Users\aagii\OneDrive\Documents\web-development-lab\MyArrayLinearList.java. Using fallback presentation compiler.
2026.09.28 23:04:56 INFO  no build target found for C:\Users\aagii\OneDrive\Documents\web-development-lab\MyArrayLinearList.java. Using fallback presentation compiler.
2026.09.28 23:04:56 INFO  no build target found for C:\Users\aagii\OneDrive\Documents\web-development-lab\MyArrayLinearList.java. Using fallback presentation compiler.
2026.09.28 23:08:20 INFO  no build target found for C:\Users\aagii\OneDrive\Documents\web-development-lab\MyArrayLinearList.java. Using fallback presentation compiler.
2026.09.28 23:08:21 INFO  no build target found for C:\Users\aagii\OneDrive\Documents\web-development-lab\MyArrayLinearList.java. Using fallback presentation compiler.
2026.09.28 23:08:55 INFO  no build target found for C:\Users\aagii\OneDrive\Documents\web-development-lab\Main.java. Using fallback presentation compiler.
2026.09.28 23:08:55 WARN  no build target for: C:\Users\aagii\OneDrive\Documents\web-development-lab\Main.java
2026.09.28 23:08:55 INFO  no build target found for C:\Users\aagii\OneDrive\Documents\web-development-lab\Main.java. Using fallback presentation compiler.
2026.09.28 23:08:55 INFO  no build target found for C:\Users\aagii\OneDrive\Documents\web-development-lab\Main.java. Using fallback presentation compiler.
2026.09.28 23:08:56 INFO  no build target found for C:\Users\aagii\OneDrive\Documents\web-development-lab\Main.java. Using fallback presentation compiler.
2026.09.28 23:11:56 INFO  no build target found for C:\Users\aagii\OneDrive\Documents\web-development-lab\Main.java. Using fallback presentation compiler.
2026.09.28 23:11:58 INFO  no build target found for C:\Users\aagii\OneDrive\Documents\web-development-lab\Main.java. Using fallback presentation compiler.
2026.09.28 23:13:28 INFO  no build target found for C:\Users\aagii\OneDrive\Documents\web-development-lab\Main.java. Using fallback presentation compiler.
2026.09.28 23:13:28 INFO  no build target found for C:\Users\aagii\OneDrive\Documents\web-development-lab\Main.java. Using fallback presentation compiler.
2026.09.28 23:14:32 INFO  no build target found for C:\Users\aagii\OneDrive\Documents\web-development-lab\Main.java. Using fallback presentation compiler.
2026.09.28 23:14:32 INFO  no build target found for C:\Users\aagii\OneDrive\Documents\web-development-lab\Main.java. Using fallback presentation compiler.
2026.09.28 23:17:48 INFO  no build target found for C:\Users\aagii\OneDrive\Documents\web-development-lab\Main.java. Using fallback presentation compiler.
2026.09.28 23:17:49 INFO  no build target found for C:\Users\aagii\OneDrive\Documents\web-development-lab\Main.java. Using fallback presentation compiler.
2026.09.28 23:17:50 INFO  Shutting down server
2026.09.28 23:17:50 INFO  Memory monitor stopped
2026.09.28 23:17:50 INFO  shutting down Metals
2026.09.28 23:17:50 INFO  Exiting server
2026.09.29 21:40:03 INFO  Started: Metals version 1.6.9 in folders 'C:\Users\aagii\OneDrive\Documents\web-development-lab' for client Visual Studio Code 1.139.1.
2026.09.29 21:40:03 INFO  Memory monitor started
2026.09.29 21:40:05 WARN  Using H2 2.5.250 which is newer than the version Flyway has been verified with. The latest verified version of H2 is 2.3.232.
2026.09.29 21:40:05 INFO  no build target found for C:\Users\aagii\OneDrive\Documents\web-development-lab\Main.java. Using fallback presentation compiler.
2026.09.29 21:40:07 INFO  no build target found for C:\Users\aagii\OneDrive\Documents\web-development-lab\Main.java. Using fallback presentation compiler.
2026.09.29 21:40:07 WARN  no build tool detected in workspace 'C:\Users\aagii\OneDrive\Documents\web-development-lab'. The most common cause for this problem is that the editor was opened in the wrong working directory, for example if you use sbt then the workspace directory should contain build.sbt. 
2026.09.29 21:40:07 WARN  Build server is not auto-connectable.
2026.09.29 21:40:07 WARN  no build target for: C:\Users\aagii\OneDrive\Documents\web-development-lab\Main.java
2026.09.29 21:40:07 INFO  no build target found for C:\Users\aagii\OneDrive\Documents\web-development-lab\Main.java. Using fallback presentation compiler.
2026.09.29 21:40:09 INFO  time: code lens generation in 1.85s
2026.09.29 21:40:10 INFO  no build target found for C:\Users\aagii\OneDrive\Documents\web-development-lab\Main.java. Using fallback presentation compiler.
2026.09.29 21:40:19 INFO  no build target found for C:\Users\aagii\OneDrive\Documents\web-development-lab\Main.java. Using fallback presentation compiler.
2026.09.29 21:40:20 INFO  no build target found for C:\Users\aagii\OneDrive\Documents\web-development-lab\Main.java. Using fallback presentation compiler.
2026.09.29 21:40:23 INFO  no build target found for C:\Users\aagii\OneDrive\Documents\web-development-lab\Main.java. Using fallback presentation compiler.
2026.09.29 21:40:24 INFO  no build target found for C:\Users\aagii\OneDrive\Documents\web-development-lab\Main.java. Using fallback presentation compiler.
2026.09.29 21:40:26 INFO  no build target found for C:\Users\aagii\OneDrive\Documents\web-development-lab\Main.java. Using fallback presentation compiler.
2026.09.29 21:40:35 INFO  no build target found for C:\Users\aagii\OneDrive\Documents\web-development-lab\Main.java. Using fallback presentation compiler.
2026.09.29 21:40:37 INFO  no build target found for C:\Users\aagii\OneDrive\Documents\web-development-lab\Main.java. Using fallback presentation compiler.
2026.09.29 21:40:40 INFO  no build target found for C:\Users\aagii\OneDrive\Documents\web-development-lab\Main.java. Using fallback presentation compiler.
2026.09.29 21:40:43 INFO  no build target found for C:\Users\aagii\OneDrive\Documents\web-development-lab\Main.java. Using fallback presentation compiler.
2026.09.29 21:40:53 INFO  no build target found for C:\Users\aagii\OneDrive\Documents\web-development-lab\Main.java. Using fallback presentation compiler.
2026.09.29 21:40:53 INFO  no build target found for C:\Users\aagii\OneDrive\Documents\web-development-lab\Main.java. Using fallback presentation compiler.
2026.09.29 21:40:53 INFO  no build target found for C:\Users\aagii\OneDrive\Documents\web-development-lab\Main.java. Using fallback presentation compiler.
2026.09.29 21:40:54 INFO  no build target found for C:\Users\aagii\OneDrive\Documents\web-development-lab\Main.java. Using fallback presentation compiler.
2026.09.29 21:41:43 INFO  no build target found for C:\Users\aagii\OneDrive\Documents\web-development-lab\Main.java. Using fallback presentation compiler.
2026.09.29 21:41:43 INFO  no build target found for C:\Users\aagii\OneDrive\Documents\web-development-lab\Main.java. Using fallback presentation compiler.
2026.09.29 21:41:53 INFO  no build target found for C:\Users\aagii\OneDrive\Documents\web-development-lab\Main.java. Using fallback presentation compiler.
2026.09.29 21:41:53 INFO  no build target found for C:\Users\aagii\OneDrive\Documents\web-development-lab\Main.java. Using fallback presentation compiler.
2026.09.29 21:41:56 INFO  no build target found for C:\Users\aagii\OneDrive\Documents\web-development-lab\Main.java. Using fallback presentation compiler.
2026.09.29 21:41:56 INFO  no build target found for C:\Users\aagii\OneDrive\Documents\web-development-lab\Main.java. Using fallback presentation compiler.
2026.09.29 21:46:43 INFO  no build target found for C:\Users\aagii\OneDrive\Documents\web-development-lab\Main.java. Using fallback presentation compiler.
2026.09.29 21:46:47 INFO  no build target found for C:\Users\aagii\OneDrive\Documents\web-development-lab\Main.java. Using fallback presentation compiler.
2026.09.29 21:46:47 INFO  no build target found for C:\Users\aagii\OneDrive\Documents\web-development-lab\Main.java. Using fallback presentation compiler.
2026.09.29 21:49:16 INFO  no build target found for C:\Users\aagii\OneDrive\Documents\web-development-lab\Main.java. Using fallback presentation compiler.
2026.09.29 21:49:19 WARN  no build target for: C:\Users\aagii\OneDrive\Documents\web-development-lab\Main.java
2026.09.29 21:49:19 INFO  no build target found for C:\Users\aagii\OneDrive\Documents\web-development-lab\Main.java. Using fallback presentation compiler.
2026.09.29 21:49:19 INFO  no build target found for C:\Users\aagii\OneDrive\Documents\web-development-lab\Main.java. Using fallback presentation compiler.
2026.09.29 21:49:19 INFO  no build target found for C:\Users\aagii\OneDrive\Documents\web-development-lab\Main.java. Using fallback presentation compiler.
2026.09.29 21:49:19 INFO  no build target found for C:\Users\aagii\OneDrive\Documents\web-development-lab\Main.java. Using fallback presentation compiler.
2026.09.29 21:49:20 INFO  no build target found for C:\Users\aagii\OneDrive\Documents\web-development-lab\Main.java. Using fallback presentation compiler.
2026.09.29 21:49:19 INFO  no build target found for C:\Users\aagii\OneDrive\Documents\web-development-lab\Main.java. Using fallback presentation compiler.
2026.09.29 21:49:20 INFO  no build target found for C:\Users\aagii\OneDrive\Documents\web-development-lab\Main.java. Using fallback presentation compiler.
2026.09.29 21:49:26 INFO  no build target found for c:\Users\aagii\OneDrive\Documents\web-development-lab\Main.java. Using fallback presentation compiler.
2026.09.29 21:49:58 WARN  no build target for: C:\Users\aagii\OneDrive\Documents\web-development-lab\MapData.java
2026.09.29 21:49:58 WARN  Running javac-semanticdb failed for file:///C:/Users/aagii/OneDrive/Documents/web-development-lab/MapData.java. Output:

2026.09.29 21:49:58 INFO  no build target found for C:\Users\aagii\OneDrive\Documents\web-development-lab\MapData.java. Using fallback presentation compiler.
2026.09.29 21:49:59 INFO  no build target found for C:\Users\aagii\OneDrive\Documents\web-development-lab\MapData.java. Using fallback presentation compiler.
2026.09.29 21:49:59 INFO  no build target found for C:\Users\aagii\OneDrive\Documents\web-development-lab\MapData.java. Using fallback presentation compiler.
2026.09.29 21:49:58 INFO  no build target found for C:\Users\aagii\OneDrive\Documents\web-development-lab\MapData.java. Using fallback presentation compiler.
2026.09.29 21:50:02 WARN  Running javac-semanticdb failed for file:///C:/Users/aagii/OneDrive/Documents/web-development-lab/MapData.java. Output:

2026.09.29 21:50:02 INFO  no build target found for C:\Users\aagii\OneDrive\Documents\web-development-lab\MapData.java. Using fallback presentation compiler.
2026.09.29 21:50:03 INFO  no build target found for C:\Users\aagii\OneDrive\Documents\web-development-lab\MapData.java. Using fallback presentation compiler.
2026.09.29 21:50:03 INFO  no build target found for C:\Users\aagii\OneDrive\Documents\web-development-lab\MapData.java. Using fallback presentation compiler.
2026.09.29 21:50:03 INFO  no build target found for C:\Users\aagii\OneDrive\Documents\web-development-lab\MapData.java. Using fallback presentation compiler.
2026.09.29 21:50:05 INFO  no build target found for C:\Users\aagii\OneDrive\Documents\web-development-lab\MapData.java. Using fallback presentation compiler.
2026.09.29 21:50:05 INFO  no build target found for C:\Users\aagii\OneDrive\Documents\web-development-lab\MapData.java. Using fallback presentation compiler.
2026.09.29 21:50:05 INFO  no build target found for C:\Users\aagii\OneDrive\Documents\web-development-lab\MapData.java. Using fallback presentation compiler.
2026.09.29 21:50:05 WARN  Running javac-semanticdb failed for file:///C:/Users/aagii/OneDrive/Documents/web-development-lab/MapData.java. Output:

2026.09.29 21:50:05 INFO  no build target found for C:\Users\aagii\OneDrive\Documents\web-development-lab\MapData.java. Using fallback presentation compiler.
2026.09.29 21:50:05 INFO  no build target found for C:\Users\aagii\OneDrive\Documents\web-development-lab\MapData.java. Using fallback presentation compiler.
2026.09.29 21:50:05 INFO  no build target found for C:\Users\aagii\OneDrive\Documents\web-development-lab\MapData.java. Using fallback presentation compiler.
2026.09.29 21:50:05 INFO  no build target found for C:\Users\aagii\OneDrive\Documents\web-development-lab\MapData.java. Using fallback presentation compiler.
2026.09.29 21:50:06 INFO  no build target found for C:\Users\aagii\OneDrive\Documents\web-development-lab\MapData.java. Using fallback presentation compiler.
2026.09.29 21:50:11 INFO  no build target found for C:\Users\aagii\OneDrive\Documents\web-development-lab\MapData.java. Using fallback presentation compiler.
2026.09.29 21:50:11 INFO  no build target found for C:\Users\aagii\OneDrive\Documents\web-development-lab\MapData.java. Using fallback presentation compiler.
2026.09.29 21:50:11 INFO  no build target found for C:\Users\aagii\OneDrive\Documents\web-development-lab\MapData.java. Using fallback presentation compiler.
2026.09.29 21:50:11 WARN  no build target for: C:\Users\aagii\OneDrive\Documents\web-development-lab\MapData.java
2026.09.29 21:50:11 INFO  no build target found for C:\Users\aagii\OneDrive\Documents\web-development-lab\MapData.java. Using fallback presentation compiler.
2026.09.29 21:50:11 INFO  no build target found for C:\Users\aagii\OneDrive\Documents\web-development-lab\MapData.java. Using fallback presentation compiler.
2026.09.29 21:50:12 INFO  no build target found for C:\Users\aagii\OneDrive\Documents\web-development-lab\MapData.java. Using fallback presentation compiler.
2026.09.29 21:50:12 INFO  no build target found for C:\Users\aagii\OneDrive\Documents\web-development-lab\MapData.java. Using fallback presentation compiler.
2026.09.29 21:50:59 INFO  no build target found for C:\Users\aagii\OneDrive\Documents\web-development-lab\MapData.java. Using fallback presentation compiler.
2026.09.29 21:51:01 INFO  no build target found for C:\Users\aagii\OneDrive\Documents\web-development-lab\MapData.java. Using fallback presentation compiler.
2026.09.29 21:51:02 WARN  no build target for: C:\Users\aagii\OneDrive\Documents\web-development-lab\GamePanel.java
2026.09.29 21:51:02 WARN  Running javac-semanticdb failed for file:///C:/Users/aagii/OneDrive/Documents/web-development-lab/GamePanel.java. Output:

2026.09.29 21:51:02 INFO  no build target found for C:\Users\aagii\OneDrive\Documents\web-development-lab\GamePanel.java. Using fallback presentation compiler.
2026.09.29 21:51:03 INFO  no build target found for C:\Users\aagii\OneDrive\Documents\web-development-lab\GamePanel.java. Using fallback presentation compiler.
2026.09.29 21:51:03 INFO  no build target found for C:\Users\aagii\OneDrive\Documents\web-development-lab\GamePanel.java. Using fallback presentation compiler.
2026.09.29 21:51:03 INFO  no build target found for C:\Users\aagii\OneDrive\Documents\web-development-lab\GamePanel.java. Using fallback presentation compiler.
2026.09.29 21:51:03 INFO  no build target found for C:\Users\aagii\OneDrive\Documents\web-development-lab\GamePanel.java. Using fallback presentation compiler.
2026.09.29 21:51:05 WARN  Running javac-semanticdb failed for file:///C:/Users/aagii/OneDrive/Documents/web-development-lab/GamePanel.java. Output:

2026.09.29 21:51:33 INFO  no build target found for C:\Users\aagii\OneDrive\Documents\web-development-lab\GamePanel.java. Using fallback presentation compiler.
2026.09.29 21:51:33 INFO  no build target found for C:\Users\aagii\OneDrive\Documents\web-development-lab\GamePanel.java. Using fallback presentation compiler.
2026.09.29 21:51:33 INFO  no build target found for C:\Users\aagii\OneDrive\Documents\web-development-lab\GamePanel.java. Using fallback presentation compiler.
2026.09.29 21:51:33 INFO  no build target found for C:\Users\aagii\OneDrive\Documents\web-development-lab\GamePanel.java. Using fallback presentation compiler.
2026.09.29 21:51:34 INFO  no build target found for C:\Users\aagii\OneDrive\Documents\web-development-lab\GamePanel.java. Using fallback presentation compiler.
2026.09.29 21:51:34 INFO  no build target found for C:\Users\aagii\OneDrive\Documents\web-development-lab\GamePanel.java. Using fallback presentation compiler.
2026.09.29 21:51:34 INFO  no build target found for C:\Users\aagii\OneDrive\Documents\web-development-lab\GamePanel.java. Using fallback presentation compiler.
2026.09.29 21:51:34 WARN  Running javac-semanticdb failed for file:///C:/Users/aagii/OneDrive/Documents/web-development-lab/GamePanel.java. Output:

2026.09.29 21:51:35 INFO  no build target found for C:\Users\aagii\OneDrive\Documents\web-development-lab\GamePanel.java. Using fallback presentation compiler.
2026.09.29 21:51:35 INFO  no build target found for C:\Users\aagii\OneDrive\Documents\web-development-lab\GamePanel.java. Using fallback presentation compiler.
2026.09.29 21:51:35 INFO  no build target found for C:\Users\aagii\OneDrive\Documents\web-development-lab\GamePanel.java. Using fallback presentation compiler.
2026.09.29 21:51:35 INFO  no build target found for C:\Users\aagii\OneDrive\Documents\web-development-lab\GamePanel.java. Using fallback presentation compiler.
2026.09.29 21:51:41 WARN  no build target for: C:\Users\aagii\OneDrive\Documents\web-development-lab\GamePanel.java
2026.09.29 21:51:41 INFO  no build target found for C:\Users\aagii\OneDrive\Documents\web-development-lab\GamePanel.java. Using fallback presentation compiler.
2026.09.29 21:51:42 INFO  no build target found for C:\Users\aagii\OneDrive\Documents\web-development-lab\GamePanel.java. Using fallback presentation compiler.
2026.09.29 21:51:42 INFO  no build target found for C:\Users\aagii\OneDrive\Documents\web-development-lab\GamePanel.java. Using fallback presentation compiler.
2026.09.29 21:51:44 INFO  no build target found for C:\Users\aagii\OneDrive\Documents\web-development-lab\GamePanel.java. Using fallback presentation compiler.
2026.09.29 21:51:44 INFO  no build target found for C:\Users\aagii\OneDrive\Documents\web-development-lab\GamePanel.java. Using fallback presentation compiler.
2026.09.29 21:51:44 INFO  no build target found for C:\Users\aagii\OneDrive\Documents\web-development-lab\GamePanel.java. Using fallback presentation compiler.
2026.09.29 21:51:48 INFO  no build target found for C:\Users\aagii\OneDrive\Documents\web-development-lab\GamePanel.java. Using fallback presentation compiler.
2026.09.29 21:51:49 INFO  no build target found for C:\Users\aagii\OneDrive\Documents\web-development-lab\GamePanel.java. Using fallback presentation compiler.
2026.09.29 21:51:49 INFO  no build target found for C:\Users\aagii\OneDrive\Documents\web-development-lab\GamePanel.java. Using fallback presentation compiler.
2026.09.29 21:51:49 INFO  no build target found for C:\Users\aagii\OneDrive\Documents\web-development-lab\GamePanel.java. Using fallback presentation compiler.
2026.09.29 21:52:07 INFO  no build target found for C:\Users\aagii\OneDrive\Documents\web-development-lab\GamePanel.java. Using fallback presentation compiler.
2026.09.29 21:52:07 INFO  no build target found for C:\Users\aagii\OneDrive\Documents\web-development-lab\GamePanel.java. Using fallback presentation compiler.
2026.09.29 21:52:07 INFO  no build target found for C:\Users\aagii\OneDrive\Documents\web-development-lab\GamePanel.java. Using fallback presentation compiler.
2026.09.29 21:52:07 INFO  no build target found for C:\Users\aagii\OneDrive\Documents\web-development-lab\GamePanel.java. Using fallback presentation compiler.
2026.09.29 21:52:07 INFO  no build target found for C:\Users\aagii\OneDrive\Documents\web-development-lab\GamePanel.java. Using fallback presentation compiler.
2026.09.29 21:52:08 INFO  no build target found for C:\Users\aagii\OneDrive\Documents\web-development-lab\GamePanel.java. Using fallback presentation compiler.
2026.09.29 21:52:08 INFO  no build target found for C:\Users\aagii\OneDrive\Documents\web-development-lab\GamePanel.java. Using fallback presentation compiler.
2026.09.29 21:52:08 INFO  no build target found for C:\Users\aagii\OneDrive\Documents\web-development-lab\GamePanel.java. Using fallback presentation compiler.
2026.09.29 21:52:08 INFO  no build target found for C:\Users\aagii\OneDrive\Documents\web-development-lab\GamePanel.java. Using fallback presentation compiler.
2026.09.29 21:52:08 INFO  no build target found for C:\Users\aagii\OneDrive\Documents\web-development-lab\GamePanel.java. Using fallback presentation compiler.
2026.09.29 21:52:14 INFO  no build target found for C:\Users\aagii\OneDrive\Documents\web-development-lab\GamePanel.java. Using fallback presentation compiler.
2026.09.29 21:52:14 INFO  no build target found for C:\Users\aagii\OneDrive\Documents\web-development-lab\GamePanel.java. Using fallback presentation compiler.
2026.09.29 21:52:14 INFO  no build target found for C:\Users\aagii\OneDrive\Documents\web-development-lab\GamePanel.java. Using fallback presentation compiler.
2026.09.29 21:52:14 INFO  no build target found for C:\Users\aagii\OneDrive\Documents\web-development-lab\GamePanel.java. Using fallback presentation compiler.
2026.09.29 21:52:14 INFO  no build target found for C:\Users\aagii\OneDrive\Documents\web-development-lab\GamePanel.java. Using fallback presentation compiler.
2026.09.29 21:52:15 INFO  no build target found for C:\Users\aagii\OneDrive\Documents\web-development-lab\GamePanel.java. Using fallback presentation compiler.
2026.09.29 21:52:15 INFO  no build target found for C:\Users\aagii\OneDrive\Documents\web-development-lab\GamePanel.java. Using fallback presentation compiler.
2026.09.29 21:52:15 INFO  no build target found for C:\Users\aagii\OneDrive\Documents\web-development-lab\GamePanel.java. Using fallback presentation compiler.
2026.09.29 21:52:15 INFO  no build target found for C:\Users\aagii\OneDrive\Documents\web-development-lab\GamePanel.java. Using fallback presentation compiler.
2026.09.29 21:52:16 INFO  no build target found for C:\Users\aagii\OneDrive\Documents\web-development-lab\GamePanel.java. Using fallback presentation compiler.
2026.09.29 21:52:16 WARN  Running javac-semanticdb failed for file:///C:/Users/aagii/OneDrive/Documents/web-development-lab/GamePanel.java. Output:

2026.09.29 21:52:16 INFO  no build target found for C:\Users\aagii\OneDrive\Documents\web-development-lab\GamePanel.java. Using fallback presentation compiler.
2026.09.29 21:52:17 INFO  no build target found for C:\Users\aagii\OneDrive\Documents\web-development-lab\GamePanel.java. Using fallback presentation compiler.
2026.09.29 21:52:17 INFO  no build target found for C:\Users\aagii\OneDrive\Documents\web-development-lab\GamePanel.java. Using fallback presentation compiler.
2026.09.29 21:52:17 INFO  no build target found for C:\Users\aagii\OneDrive\Documents\web-development-lab\GamePanel.java. Using fallback presentation compiler.
2026.09.29 21:52:17 WARN  Running javac-semanticdb failed for file:///C:/Users/aagii/OneDrive/Documents/web-development-lab/GamePanel.java. Output:

2026.09.29 21:52:17 INFO  no build target found for C:\Users\aagii\OneDrive\Documents\web-development-lab\GamePanel.java. Using fallback presentation compiler.
2026.09.29 21:52:18 INFO  no build target found for C:\Users\aagii\OneDrive\Documents\web-development-lab\GamePanel.java. Using fallback presentation compiler.
2026.09.29 21:52:18 INFO  no build target found for C:\Users\aagii\OneDrive\Documents\web-development-lab\GamePanel.java. Using fallback presentation compiler.
2026.09.29 21:52:18 WARN  Running javac-semanticdb failed for file:///C:/Users/aagii/OneDrive/Documents/web-development-lab/GamePanel.java. Output:

2026.09.29 21:52:18 INFO  no build target found for C:\Users\aagii\OneDrive\Documents\web-development-lab\GamePanel.java. Using fallback presentation compiler.
2026.09.29 21:52:18 INFO  no build target found for C:\Users\aagii\OneDrive\Documents\web-development-lab\GamePanel.java. Using fallback presentation compiler.
2026.09.29 21:52:19 INFO  no build target found for C:\Users\aagii\OneDrive\Documents\web-development-lab\GamePanel.java. Using fallback presentation compiler.
2026.09.29 21:52:18 WARN  Running javac-semanticdb failed for file:///C:/Users/aagii/OneDrive/Documents/web-development-lab/GamePanel.java. Output:

2026.09.29 21:52:20 INFO  no build target found for C:\Users\aagii\OneDrive\Documents\web-development-lab\GamePanel.java. Using fallback presentation compiler.
2026.09.29 21:52:20 INFO  no build target found for C:\Users\aagii\OneDrive\Documents\web-development-lab\GamePanel.java. Using fallback presentation compiler.
2026.09.29 21:52:21 WARN  Running javac-semanticdb failed for file:///C:/Users/aagii/OneDrive/Documents/web-development-lab/GamePanel.java. Output:

2026.09.29 21:52:21 INFO  no build target found for C:\Users\aagii\OneDrive\Documents\web-development-lab\GamePanel.java. Using fallback presentation compiler.
Sep 29, 2026 9:52:21 PM org.eclipse.lsp4j.jsonrpc.RemoteEndpoint handleCancellation
WARNING: Unmatched cancel notification for request id 198
2026.09.29 21:52:20 INFO  no build target found for C:\Users\aagii\OneDrive\Documents\web-development-lab\GamePanel.java. Using fallback presentation compiler.
2026.09.29 21:52:20 INFO  no build target found for C:\Users\aagii\OneDrive\Documents\web-development-lab\GamePanel.java. Using fallback presentation compiler.
Sep 29, 2026 9:52:21 PM org.eclipse.lsp4j.jsonrpc.RemoteEndpoint handleCancellation
WARNING: Unmatched cancel notification for request id 202
2026.09.29 21:52:20 INFO  no build target found for C:\Users\aagii\OneDrive\Documents\web-development-lab\GamePanel.java. Using fallback presentation compiler.
2026.09.29 21:52:21 INFO  no build target found for C:\Users\aagii\OneDrive\Documents\web-development-lab\GamePanel.java. Using fallback presentation compiler.
2026.09.29 21:52:21 WARN  Running javac-semanticdb failed for file:///C:/Users/aagii/OneDrive/Documents/web-development-lab/GamePanel.java. Output:

2026.09.29 21:52:21 INFO  no build target found for C:\Users\aagii\OneDrive\Documents\web-development-lab\GamePanel.java. Using fallback presentation compiler.
2026.09.29 21:52:21 INFO  no build target found for C:\Users\aagii\OneDrive\Documents\web-development-lab\GamePanel.java. Using fallback presentation compiler.
2026.09.29 21:52:23 INFO  no build target found for C:\Users\aagii\OneDrive\Documents\web-development-lab\GamePanel.java. Using fallback presentation compiler.
2026.09.29 21:52:23 INFO  no build target found for C:\Users\aagii\OneDrive\Documents\web-development-lab\GamePanel.java. Using fallback presentation compiler.
2026.09.29 21:52:23 INFO  no build target found for C:\Users\aagii\OneDrive\Documents\web-development-lab\GamePanel.java. Using fallback presentation compiler.
2026.09.29 21:52:24 INFO  no build target found for C:\Users\aagii\OneDrive\Documents\web-development-lab\GamePanel.java. Using fallback presentation compiler.
2026.09.29 21:52:24 INFO  no build target found for C:\Users\aagii\OneDrive\Documents\web-development-lab\GamePanel.java. Using fallback presentation compiler.
2026.09.29 21:52:24 INFO  no build target found for C:\Users\aagii\OneDrive\Documents\web-development-lab\GamePanel.java. Using fallback presentation compiler.
2026.09.29 21:52:24 INFO  no build target found for C:\Users\aagii\OneDrive\Documents\web-development-lab\GamePanel.java. Using fallback presentation compiler.
2026.09.29 21:52:26 INFO  no build target found for C:\Users\aagii\OneDrive\Documents\web-development-lab\GamePanel.java. Using fallback presentation compiler.
2026.09.29 21:52:26 INFO  no build target found for C:\Users\aagii\OneDrive\Documents\web-development-lab\GamePanel.java. Using fallback presentation compiler.
2026.09.29 21:52:26 INFO  no build target found for C:\Users\aagii\OneDrive\Documents\web-development-lab\GamePanel.java. Using fallback presentation compiler.
2026.09.29 21:52:26 INFO  no build target found for C:\Users\aagii\OneDrive\Documents\web-development-lab\GamePanel.java. Using fallback presentation compiler.
2026.09.29 21:52:26 INFO  no build target found for C:\Users\aagii\OneDrive\Documents\web-development-lab\GamePanel.java. Using fallback presentation compiler.
2026.09.29 21:52:26 INFO  no build target found for C:\Users\aagii\OneDrive\Documents\web-development-lab\GamePanel.java. Using fallback presentation compiler.
2026.09.29 21:52:26 WARN  Running javac-semanticdb failed for file:///C:/Users/aagii/OneDrive/Documents/web-development-lab/GamePanel.java. Output:

2026.09.29 21:52:26 INFO  no build target found for C:\Users\aagii\OneDrive\Documents\web-development-lab\GamePanel.java. Using fallback presentation compiler.
2026.09.29 21:52:26 INFO  no build target found for C:\Users\aagii\OneDrive\Documents\web-development-lab\GamePanel.java. Using fallback presentation compiler.
2026.09.29 21:52:27 INFO  no build target found for C:\Users\aagii\OneDrive\Documents\web-development-lab\GamePanel.java. Using fallback presentation compiler.
2026.09.29 21:52:27 INFO  no build target found for C:\Users\aagii\OneDrive\Documents\web-development-lab\GamePanel.java. Using fallback presentation compiler.
2026.09.29 21:52:30 INFO  no build target found for C:\Users\aagii\OneDrive\Documents\web-development-lab\GamePanel.java. Using fallback presentation compiler.
2026.09.29 21:52:30 INFO  no build target found for C:\Users\aagii\OneDrive\Documents\web-development-lab\GamePanel.java. Using fallback presentation compiler.
2026.09.29 21:52:31 INFO  no build target found for C:\Users\aagii\OneDrive\Documents\web-development-lab\GamePanel.java. Using fallback presentation compiler.
2026.09.29 21:52:31 INFO  no build target found for C:\Users\aagii\OneDrive\Documents\web-development-lab\GamePanel.java. Using fallback presentation compiler.
2026.09.29 21:52:31 WARN  Running javac-semanticdb failed for file:///C:/Users/aagii/OneDrive/Documents/web-development-lab/GamePanel.java. Output:

2026.09.29 21:52:31 INFO  no build target found for C:\Users\aagii\OneDrive\Documents\web-development-lab\GamePanel.java. Using fallback presentation compiler.
2026.09.29 21:52:31 INFO  no build target found for C:\Users\aagii\OneDrive\Documents\web-development-lab\GamePanel.java. Using fallback presentation compiler.
2026.09.29 21:52:32 INFO  no build target found for C:\Users\aagii\OneDrive\Documents\web-development-lab\GamePanel.java. Using fallback presentation compiler.
2026.09.29 21:52:32 INFO  no build target found for C:\Users\aagii\OneDrive\Documents\web-development-lab\GamePanel.java. Using fallback presentation compiler.
2026.09.29 21:52:33 WARN  no build target for: C:\Users\aagii\OneDrive\Documents\web-development-lab\GamePanel.java
2026.09.29 21:52:33 INFO  no build target found for C:\Users\aagii\OneDrive\Documents\web-development-lab\GamePanel.java. Using fallback presentation compiler.
2026.09.29 21:52:33 INFO  no build target found for C:\Users\aagii\OneDrive\Documents\web-development-lab\GamePanel.java. Using fallback presentation compiler.
2026.09.29 21:52:33 INFO  Created report: Optional[file:///C:/Users/aagii/OneDrive/Documents/web-development-lab/GamePanel.java]
2026.09.29 21:52:33 INFO  empty definition using pc, found symbol in pc: _empty_/keys#remove# (full report at: "C:\Users\aagii\OneDrive\Documents\web-development-lab\.metals\.reports\metals-full\2026-09-29\r_empty-definition_21-52-33-626.md")
2026.09.29 21:52:34 INFO  no build target found for C:\Users\aagii\OneDrive\Documents\web-development-lab\GamePanel.java. Using fallback presentation compiler.
2026.09.29 21:52:34 INFO  no build target found for C:\Users\aagii\OneDrive\Documents\web-development-lab\GamePanel.java. Using fallback presentation compiler.
2026.09.29 21:52:36 INFO  no build target found for C:\Users\aagii\OneDrive\Documents\web-development-lab\GamePanel.java. Using fallback presentation compiler.
2026.09.29 21:52:36 INFO  no build target found for C:\Users\aagii\OneDrive\Documents\web-development-lab\GamePanel.java. Using fallback presentation compiler.
2026.09.29 21:52:37 INFO  no build target found for C:\Users\aagii\OneDrive\Documents\web-development-lab\GamePanel.java. Using fallback presentation compiler.
2026.09.29 21:52:37 INFO  no build target found for C:\Users\aagii\OneDrive\Documents\web-development-lab\GamePanel.java. Using fallback presentation compiler.
2026.09.29 21:52:39 INFO  no build target found for C:\Users\aagii\OneDrive\Documents\web-development-lab\GamePanel.java. Using fallback presentation compiler.
2026.09.29 21:52:39 INFO  no build target found for C:\Users\aagii\OneDrive\Documents\web-development-lab\GamePanel.java. Using fallback presentation compiler.
2026.09.29 21:52:42 INFO  no build target found for C:\Users\aagii\OneDrive\Documents\web-development-lab\GamePanel.java. Using fallback presentation compiler.
2026.09.29 21:52:42 INFO  no build target found for C:\Users\aagii\OneDrive\Documents\web-development-lab\GamePanel.java. Using fallback presentation compiler.
2026.09.29 21:54:06 INFO  no build target found for C:\Users\aagii\OneDrive\Documents\web-development-lab\MapData.java. Using fallback presentation compiler.
2026.09.29 21:54:06 WARN  no build target for: C:\Users\aagii\OneDrive\Documents\web-development-lab\MapData.java
2026.09.29 21:54:06 INFO  no build target found for C:\Users\aagii\OneDrive\Documents\web-development-lab\MapData.java. Using fallback presentation compiler.
2026.09.29 21:54:06 INFO  no build target found for C:\Users\aagii\OneDrive\Documents\web-development-lab\MapData.java. Using fallback presentation compiler.
2026.09.29 21:54:06 INFO  no build target found for C:\Users\aagii\OneDrive\Documents\web-development-lab\MapData.java. Using fallback presentation compiler.
2026.09.29 21:54:06 INFO  no build target found for C:\Users\aagii\OneDrive\Documents\web-development-lab\MapData.java. Using fallback presentation compiler.
2026.09.29 21:54:10 INFO  no build target found for C:\Users\aagii\OneDrive\Documents\web-development-lab\GamePanel.java. Using fallback presentation compiler.
2026.09.29 21:54:10 WARN  no build target for: C:\Users\aagii\OneDrive\Documents\web-development-lab\GamePanel.java
2026.09.29 21:54:10 INFO  no build target found for C:\Users\aagii\OneDrive\Documents\web-development-lab\GamePanel.java. Using fallback presentation compiler.
2026.09.29 21:54:10 INFO  no build target found for C:\Users\aagii\OneDrive\Documents\web-development-lab\GamePanel.java. Using fallback presentation compiler.
2026.09.29 21:54:10 INFO  no build target found for C:\Users\aagii\OneDrive\Documents\web-development-lab\GamePanel.java. Using fallback presentation compiler.
2026.09.29 21:54:10 INFO  no build target found for C:\Users\aagii\OneDrive\Documents\web-development-lab\GamePanel.java. Using fallback presentation compiler.
2026.09.29 21:55:10 INFO  no build target found for C:\Users\aagii\OneDrive\Documents\web-development-lab\GamePanel.java. Using fallback presentation compiler.
Sep 29, 2026 9:55:10 PM org.eclipse.lsp4j.jsonrpc.RemoteEndpoint handleCancellation
WARNING: Unmatched cancel notification for request id 305
2026.09.29 21:55:12 INFO  no build target found for C:\Users\aagii\OneDrive\Documents\web-development-lab\MapData.java. Using fallback presentation compiler.
2026.09.29 21:55:12 WARN  no build target for: C:\Users\aagii\OneDrive\Documents\web-development-lab\MapData.java
2026.09.29 21:55:12 INFO  no build target found for C:\Users\aagii\OneDrive\Documents\web-development-lab\MapData.java. Using fallback presentation compiler.
2026.09.29 21:55:12 INFO  no build target found for C:\Users\aagii\OneDrive\Documents\web-development-lab\MapData.java. Using fallback presentation compiler.
2026.09.29 21:55:12 INFO  no build target found for C:\Users\aagii\OneDrive\Documents\web-development-lab\MapData.java. Using fallback presentation compiler.
2026.09.29 21:55:12 INFO  no build target found for C:\Users\aagii\OneDrive\Documents\web-development-lab\MapData.java. Using fallback presentation compiler.
2026.09.29 21:59:22 WARN  Not starting Scala CLI for out-of-workspace file (it can be started manually): C:\Users\aagii\Downloads\SwingMain.java
2026.09.29 21:59:22 WARN  Using H2 2.5.250 which is newer than the version Flyway has been verified with. The latest verified version of H2 is 2.3.232.
2026.09.29 21:59:22 INFO  no build target found for C:\Users\aagii\Downloads\SwingMain.java. Using fallback presentation compiler.
2026.09.29 21:59:23 WARN  no build target for: C:\Users\aagii\Downloads\SwingMain.java
Sep 29, 2026 9:59:23 PM org.eclipse.lsp4j.jsonrpc.RemoteEndpoint handleCancellation
WARNING: Unmatched cancel notification for request id 318
2026.09.29 21:59:22 INFO  no build target found for C:\Users\aagii\Downloads\SwingMain.java. Using fallback presentation compiler.
2026.09.29 21:59:22 INFO  no build target found for C:\Users\aagii\Downloads\SwingMain.java. Using fallback presentation compiler.
Sep 29, 2026 9:59:23 PM org.eclipse.lsp4j.jsonrpc.RemoteEndpoint handleCancellation
WARNING: Unmatched cancel notification for request id 322
2026.09.29 21:59:23 INFO  no build target found for C:\Users\aagii\Downloads\SwingMain.java. Using fallback presentation compiler.
2026.09.29 21:59:23 INFO  no build target found for C:\Users\aagii\Downloads\SwingMain.java. Using fallback presentation compiler.
2026.09.29 21:59:27 WARN  Not starting Scala CLI for out-of-workspace file (it can be started manually): C:\Users\aagii\Downloads\Player.java
2026.09.29 21:59:27 INFO  no build target found for C:\Users\aagii\Downloads\Player.java. Using fallback presentation compiler.
2026.09.29 21:59:27 WARN  no build target for: C:\Users\aagii\Downloads\Player.java
2026.09.29 21:59:27 INFO  no build target found for C:\Users\aagii\Downloads\Player.java. Using fallback presentation compiler.
2026.09.29 21:59:27 INFO  no build target found for C:\Users\aagii\Downloads\Player.java. Using fallback presentation compiler.
2026.09.29 21:59:28 INFO  no build target found for C:\Users\aagii\Downloads\Player.java. Using fallback presentation compiler.
2026.09.29 21:59:28 INFO  no build target found for C:\Users\aagii\Downloads\Player.java. Using fallback presentation compiler.
2026.09.29 21:59:31 WARN  Not starting Scala CLI for out-of-workspace file (it can be started manually): C:\Users\aagii\Downloads\Platform.java
2026.09.29 21:59:31 INFO  no build target found for C:\Users\aagii\Downloads\Platform.java. Using fallback presentation compiler.
2026.09.29 21:59:31 WARN  no build target for: C:\Users\aagii\Downloads\Platform.java
2026.09.29 21:59:31 INFO  no build target found for C:\Users\aagii\Downloads\Platform.java. Using fallback presentation compiler.
2026.09.29 21:59:31 INFO  no build target found for C:\Users\aagii\Downloads\Platform.java. Using fallback presentation compiler.
2026.09.29 21:59:34 WARN  Not starting Scala CLI for out-of-workspace file (it can be started manually): C:\Users\aagii\Downloads\Obstacle.java
2026.09.29 21:59:34 INFO  no build target found for C:\Users\aagii\Downloads\Obstacle.java. Using fallback presentation compiler.
2026.09.29 21:59:34 WARN  no build target for: C:\Users\aagii\Downloads\Obstacle.java
2026.09.29 21:59:34 INFO  no build target found for C:\Users\aagii\Downloads\Obstacle.java. Using fallback presentation compiler.
2026.09.29 21:59:34 INFO  no build target found for C:\Users\aagii\Downloads\Obstacle.java. Using fallback presentation compiler.
2026.09.29 21:59:35 INFO  no build target found for C:\Users\aagii\Downloads\Obstacle.java. Using fallback presentation compiler.
2026.09.29 21:59:38 INFO  no build target found for C:\Users\aagii\Downloads\Platform.java. Using fallback presentation compiler.
2026.09.29 21:59:38 WARN  no build target for: C:\Users\aagii\Downloads\Platform.java
2026.09.29 21:59:38 INFO  no build target found for C:\Users\aagii\Downloads\Platform.java. Using fallback presentation compiler.
2026.09.29 21:59:38 INFO  no build target found for C:\Users\aagii\Downloads\Platform.java. Using fallback presentation compiler.
2026.09.29 21:59:39 INFO  no build target found for C:\Users\aagii\OneDrive\Documents\web-development-lab\GamePanel.java. Using fallback presentation compiler.
2026.09.29 21:59:39 WARN  no build target for: C:\Users\aagii\OneDrive\Documents\web-development-lab\GamePanel.java
2026.09.29 21:59:39 INFO  no build target found for C:\Users\aagii\OneDrive\Documents\web-development-lab\GamePanel.java. Using fallback presentation compiler.
2026.09.29 21:59:40 INFO  no build target found for C:\Users\aagii\OneDrive\Documents\web-development-lab\GamePanel.java. Using fallback presentation compiler.
2026.09.29 21:59:39 INFO  no build target found for C:\Users\aagii\OneDrive\Documents\web-development-lab\GamePanel.java. Using fallback presentation compiler.
2026.09.29 21:59:39 INFO  no build target found for C:\Users\aagii\OneDrive\Documents\web-development-lab\GamePanel.java. Using fallback presentation compiler.
2026.09.29 21:59:42 INFO  no build target found for C:\Users\aagii\Downloads\Platform.java. Using fallback presentation compiler.
2026.09.29 21:59:42 WARN  no build target for: C:\Users\aagii\Downloads\Platform.java
2026.09.29 21:59:42 INFO  no build target found for C:\Users\aagii\Downloads\Platform.java. Using fallback presentation compiler.
2026.09.29 21:59:42 INFO  no build target found for C:\Users\aagii\Downloads\Platform.java. Using fallback presentation compiler.
2026.09.29 21:59:43 INFO  no build target found for C:\Users\aagii\Downloads\SwingMain.java. Using fallback presentation compiler.
2026.09.29 21:59:43 WARN  no build target for: C:\Users\aagii\Downloads\SwingMain.java
2026.09.29 21:59:43 INFO  no build target found for C:\Users\aagii\Downloads\SwingMain.java. Using fallback presentation compiler.
2026.09.29 21:59:43 INFO  no build target found for C:\Users\aagii\Downloads\SwingMain.java. Using fallback presentation compiler.
2026.09.29 21:59:49 INFO  no build target found for C:\Users\aagii\Downloads\Obstacle.java. Using fallback presentation compiler.
2026.09.29 22:00:08 INFO  no build target found for C:\Users\aagii\Downloads\Obstacle.java. Using fallback presentation compiler.
Sep 29, 2026 10:00:10 PM org.eclipse.lsp4j.jsonrpc.services.GenericEndpoint notify
INFO: Unsupported notification method: $/setTrace
2026.09.29 22:00:17 INFO  no build target found for C:\Users\aagii\Downloads\SwingMain.java. Using fallback presentation compiler.
2026.09.29 22:00:17 INFO  no build target found for C:\Users\aagii\Downloads\SwingMain.java. Using fallback presentation compiler.
2026.09.29 22:00:17 INFO  no build target found for C:\Users\aagii\Downloads\SwingMain.java. Using fallback presentation compiler.
2026.09.29 22:00:23 INFO  no build target found for C:\Users\aagii\Downloads\Player.java. Using fallback presentation compiler.
2026.09.29 22:00:23 WARN  no build target for: C:\Users\aagii\Downloads\Player.java
2026.09.29 22:00:23 INFO  no build target found for C:\Users\aagii\Downloads\Player.java. Using fallback presentation compiler.
2026.09.29 22:00:23 INFO  no build target found for C:\Users\aagii\Downloads\Player.java. Using fallback presentation compiler.
2026.09.29 22:00:35 INFO  no build target found for C:\Users\aagii\OneDrive\Documents\web-development-lab\MapData.java. Using fallback presentation compiler.
2026.09.29 22:00:35 WARN  no build target for: C:\Users\aagii\OneDrive\Documents\web-development-lab\MapData.java
2026.09.29 22:00:35 INFO  no build target found for C:\Users\aagii\OneDrive\Documents\web-development-lab\MapData.java. Using fallback presentation compiler.
2026.09.29 22:00:35 INFO  no build target found for C:\Users\aagii\OneDrive\Documents\web-development-lab\MapData.java. Using fallback presentation compiler.
2026.09.29 22:00:35 INFO  no build target found for C:\Users\aagii\OneDrive\Documents\web-development-lab\MapData.java. Using fallback presentation compiler.
2026.09.29 22:00:35 INFO  no build target found for C:\Users\aagii\OneDrive\Documents\web-development-lab\MapData.java. Using fallback presentation compiler.
2026.09.29 22:00:36 INFO  no build target found for C:\Users\aagii\Downloads\SwingMain.java. Using fallback presentation compiler.
2026.09.29 22:00:36 WARN  no build target for: C:\Users\aagii\Downloads\SwingMain.java
2026.09.29 22:00:37 INFO  no build target found for C:\Users\aagii\OneDrive\Documents\web-development-lab\GamePanel.java. Using fallback presentation compiler.
2026.09.29 22:00:37 WARN  no build target for: C:\Users\aagii\OneDrive\Documents\web-development-lab\GamePanel.java
2026.09.29 22:00:37 INFO  no build target found for C:\Users\aagii\OneDrive\Documents\web-development-lab\GamePanel.java. Using fallback presentation compiler.
2026.09.29 22:00:38 INFO  no build target found for C:\Users\aagii\OneDrive\Documents\web-development-lab\GamePanel.java. Using fallback presentation compiler.
2026.09.29 22:00:37 INFO  no build target found for C:\Users\aagii\OneDrive\Documents\web-development-lab\GamePanel.java. Using fallback presentation compiler.
2026.09.29 22:00:37 INFO  no build target found for C:\Users\aagii\OneDrive\Documents\web-development-lab\GamePanel.java. Using fallback presentation compiler.
2026.09.29 22:00:40 INFO  no build target found for C:\Users\aagii\OneDrive\Documents\web-development-lab\GamePanel.java. Using fallback presentation compiler.
2026.09.29 22:00:40 INFO  no build target found for C:\Users\aagii\OneDrive\Documents\web-development-lab\GamePanel.java. Using fallback presentation compiler.
2026.09.29 22:00:40 INFO  no build target found for C:\Users\aagii\OneDrive\Documents\web-development-lab\GamePanel.java. Using fallback presentation compiler.
2026.09.29 22:00:40 INFO  no build target found for C:\Users\aagii\OneDrive\Documents\web-development-lab\GamePanel.java. Using fallback presentation compiler.
2026.09.29 22:00:40 INFO  no build target found for C:\Users\aagii\OneDrive\Documents\web-development-lab\GamePanel.java. Using fallback presentation compiler.
2026.09.29 22:00:41 INFO  no build target found for C:\Users\aagii\OneDrive\Documents\web-development-lab\GamePanel.java. Using fallback presentation compiler.
2026.09.29 22:00:41 INFO  no build target found for C:\Users\aagii\OneDrive\Documents\web-development-lab\GamePanel.java. Using fallback presentation compiler.
2026.09.29 22:01:50 INFO  no build target found for C:\Users\aagii\Downloads\SwingMain.java. Using fallback presentation compiler.
2026.09.29 22:01:50 INFO  no build target found for C:\Users\aagii\Downloads\Platform.java. Using fallback presentation compiler.
2026.09.29 22:01:50 WARN  no build target for: C:\Users\aagii\Downloads\Platform.java
2026.09.29 22:01:50 INFO  no build target found for C:\Users\aagii\Downloads\Platform.java. Using fallback presentation compiler.
2026.09.29 22:01:51 INFO  no build target found for C:\Users\aagii\Downloads\Platform.java. Using fallback presentation compiler.
2026.09.29 22:01:51 INFO  no build target found for C:\Users\aagii\Downloads\Player.java. Using fallback presentation compiler.
2026.09.29 22:01:51 INFO  no build target found for C:\Users\aagii\Downloads\Platform.java. Using fallback presentation compiler.
2026.09.29 22:01:52 INFO  no build target found for C:\Users\aagii\OneDrive\Documents\web-development-lab\GamePanel.java. Using fallback presentation compiler.
2026.09.29 22:01:52 WARN  no build target for: C:\Users\aagii\OneDrive\Documents\web-development-lab\GamePanel.java
Sep 29, 2026 10:01:52 PM org.eclipse.lsp4j.jsonrpc.RemoteEndpoint handleCancellation
WARNING: Unmatched cancel notification for request id 445
2026.09.29 22:01:52 INFO  no build target found for C:\Users\aagii\OneDrive\Documents\web-development-lab\GamePanel.java. Using fallback presentation compiler.
2026.09.29 22:01:52 INFO  no build target found for C:\Users\aagii\OneDrive\Documents\web-development-lab\GamePanel.java. Using fallback presentation compiler.
2026.09.29 22:01:52 INFO  no build target found for C:\Users\aagii\OneDrive\Documents\web-development-lab\GamePanel.java. Using fallback presentation compiler.
2026.09.29 22:01:52 INFO  no build target found for C:\Users\aagii\Downloads\Obstacle.java. Using fallback presentation compiler.
2026.09.29 22:01:52 INFO  no build target found for C:\Users\aagii\OneDrive\Documents\web-development-lab\GamePanel.java. Using fallback presentation compiler.
2026.09.29 22:01:54 INFO  no build target found for C:\Users\aagii\OneDrive\Documents\web-development-lab\GamePanel.java. Using fallback presentation compiler.
2026.09.29 22:01:57 WARN  no build target for: C:\Users\aagii\OneDrive\Documents\web-development-lab\GamePanel.java
2026.09.29 22:01:57 INFO  no build target found for C:\Users\aagii\OneDrive\Documents\web-development-lab\GamePanel.java. Using fallback presentation compiler.
2026.09.29 22:01:57 WARN  Running javac-semanticdb failed for file:///C:/Users/aagii/OneDrive/Documents/web-development-lab/GamePanel.java. Output:

2026.09.29 22:01:57 INFO  no build target found for C:\Users\aagii\OneDrive\Documents\web-development-lab\GamePanel.java. Using fallback presentation compiler.
2026.09.29 22:01:57 INFO  no build target found for C:\Users\aagii\OneDrive\Documents\web-development-lab\GamePanel.java. Using fallback presentation compiler.
2026.09.29 22:01:57 INFO  no build target found for C:\Users\aagii\OneDrive\Documents\web-development-lab\GamePanel.java. Using fallback presentation compiler.
2026.09.29 22:01:57 INFO  no build target found for C:\Users\aagii\OneDrive\Documents\web-development-lab\GamePanel.java. Using fallback presentation compiler.
2026.09.29 22:01:57 INFO  no build target found for C:\Users\aagii\OneDrive\Documents\web-development-lab\GamePanel.java. Using fallback presentation compiler.
2026.09.29 22:01:58 INFO  no build target found for C:\Users\aagii\OneDrive\Documents\web-development-lab\GamePanel.java. Using fallback presentation compiler.
2026.09.29 22:01:58 INFO  no build target found for C:\Users\aagii\OneDrive\Documents\web-development-lab\GamePanel.java. Using fallback presentation compiler.
2026.09.29 22:01:58 INFO  no build target found for C:\Users\aagii\OneDrive\Documents\web-development-lab\GamePanel.java. Using fallback presentation compiler.
2026.09.29 22:02:01 INFO  no build target found for c:\Users\aagii\OneDrive\Documents\web-development-lab\GamePanel.java. Using fallback presentation compiler.
2026.09.29 22:02:02 INFO  no build target found for C:\Users\aagii\OneDrive\Documents\web-development-lab\MapData.java. Using fallback presentation compiler.
2026.09.29 22:02:02 WARN  no build target for: C:\Users\aagii\OneDrive\Documents\web-development-lab\MapData.java
2026.09.29 22:02:02 INFO  no build target found for C:\Users\aagii\OneDrive\Documents\web-development-lab\MapData.java. Using fallback presentation compiler.
2026.09.29 22:02:02 INFO  no build target found for C:\Users\aagii\OneDrive\Documents\web-development-lab\MapData.java. Using fallback presentation compiler.
2026.09.29 22:02:02 INFO  no build target found for C:\Users\aagii\OneDrive\Documents\web-development-lab\MapData.java. Using fallback presentation compiler.
2026.09.29 22:02:02 INFO  no build target found for C:\Users\aagii\OneDrive\Documents\web-development-lab\MapData.java. Using fallback presentation compiler.
2026.09.29 22:02:02 INFO  no build target found for C:\Users\aagii\OneDrive\Documents\web-development-lab\MapData.java. Using fallback presentation compiler.
2026.09.29 22:09:22 INFO  Shutting down server
2026.09.29 22:09:22 INFO  Memory monitor stopped
2026.09.29 22:09:22 INFO  shutting down Metals
2026.09.29 22:09:22 INFO  Exiting server
